2026-06-12T21:57:12.434675Z 0 [System] [MY-010116] [Server] /nix/store/0m5amw6lqhzla9b476f0galar7dcd33j-mysql-8.0.36/bin/mysqld (mysqld 8.0.36) starting as process 604
2026-06-12T21:57:12.473504Z 1 [System] [MY-013576] [InnoDB] InnoDB initialization has started.
2026-06-12T21:57:12.665283Z 1 [System] [MY-013577] [InnoDB] InnoDB initialization has ended.
2026-06-12T21:57:12.856019Z 0 [Warning] [MY-010068] [Server] CA certificate ca.pem is self signed.
2026-06-12T21:57:12.856052Z 0 [System] [MY-013602] [Server] Channel mysql_main configured to support TLS. Encrypted connections are now supported for this channel.
2026-06-12T21:57:12.895127Z 0 [System] [MY-010931] [Server] /nix/store/0m5amw6lqhzla9b476f0galar7dcd33j-mysql-8.0.36/bin/mysqld: ready for connections. Version: '8.0.36'  socket: '/tmp/mysql.sock'  port: 3306  Source distribution.
2026-06-12T21:59:24.701160Z 0 [System] [MY-010116] [Server] /nix/store/0m5amw6lqhzla9b476f0galar7dcd33j-mysql-8.0.36/bin/mysqld (mysqld 8.0.36) starting as process 935
2026-06-12T21:59:24.746368Z 1 [System] [MY-013576] [InnoDB] InnoDB initialization has started.
2026-06-12T21:59:25.520249Z 1 [System] [MY-013577] [InnoDB] InnoDB initialization has ended.
2026-06-12T21:59:25.728813Z 0 [System] [MY-010229] [Server] Starting XA crash recovery...
2026-06-12T21:59:25.797543Z 0 [System] [MY-010232] [Server] XA crash recovery finished.
2026-06-12T21:59:25.862855Z 0 [Warning] [MY-010068] [Server] CA certificate ca.pem is self signed.
2026-06-12T21:59:25.862911Z 0 [System] [MY-013602] [Server] Channel mysql_main configured to support TLS. Encrypted connections are now supported for this channel.
2026-06-12T21:59:25.898354Z 0 [System] [MY-010931] [Server] /nix/store/0m5amw6lqhzla9b476f0galar7dcd33j-mysql-8.0.36/bin/mysqld: ready for connections. Version: '8.0.36'  socket: '/tmp/mysql.sock'  port: 3306  Source distribution.
2026-06-12T21:59:26.600984Z 10 [Warning] [MY-013360] [Server] Plugin mysql_native_password reported: ''mysql_native_password' is deprecated and will be removed in a future release. Please use caching_sha2_password instead'
2026-06-12T22:00:40.789592Z 0 [System] [MY-010116] [Server] /nix/store/0m5amw6lqhzla9b476f0galar7dcd33j-mysql-8.0.36/bin/mysqld (mysqld 8.0.36) starting as process 1118
2026-06-12T22:00:40.947231Z 1 [System] [MY-013576] [InnoDB] InnoDB initialization has started.
2026-06-12T22:00:41.988169Z 1 [System] [MY-013577] [InnoDB] InnoDB initialization has ended.
2026-06-12T22:00:42.297505Z 0 [System] [MY-010229] [Server] Starting XA crash recovery...
2026-06-12T22:00:42.407895Z 0 [System] [MY-010232] [Server] XA crash recovery finished.
2026-06-12T22:00:42.473631Z 0 [Warning] [MY-010068] [Server] CA certificate ca.pem is self signed.
2026-06-12T22:00:42.473684Z 0 [System] [MY-013602] [Server] Channel mysql_main configured to support TLS. Encrypted connections are now supported for this channel.
2026-06-12T22:00:42.517143Z 0 [System] [MY-010931] [Server] /nix/store/0m5amw6lqhzla9b476f0galar7dcd33j-mysql-8.0.36/bin/mysqld: ready for connections. Version: '8.0.36'  socket: '/tmp/mysql.sock'  port: 3306  Source distribution.
2026-06-12T22:01:43.417723Z 0 [System] [MY-010116] [Server] /nix/store/0m5amw6lqhzla9b476f0galar7dcd33j-mysql-8.0.36/bin/mysqld (mysqld 8.0.36) starting as process 1267
2026-06-12T22:01:43.478382Z 1 [System] [MY-013576] [InnoDB] InnoDB initialization has started.
2026-06-12T22:01:44.275975Z 1 [System] [MY-013577] [InnoDB] InnoDB initialization has ended.
2026-06-12T22:01:44.424141Z 0 [System] [MY-010229] [Server] Starting XA crash recovery...
2026-06-12T22:01:44.559003Z 0 [System] [MY-010232] [Server] XA crash recovery finished.
2026-06-12T22:01:44.653628Z 0 [Warning] [MY-010068] [Server] CA certificate ca.pem is self signed.
2026-06-12T22:01:44.653687Z 0 [System] [MY-013602] [Server] Channel mysql_main configured to support TLS. Encrypted connections are now supported for this channel.
2026-06-12T22:01:44.682608Z 0 [System] [MY-010931] [Server] /nix/store/0m5amw6lqhzla9b476f0galar7dcd33j-mysql-8.0.36/bin/mysqld: ready for connections. Version: '8.0.36'  socket: '/tmp/mysql.sock'  port: 3306  Source distribution.
2026-06-12T22:15:12.228422Z 0 [System] [MY-010116] [Server] /nix/store/0m5amw6lqhzla9b476f0galar7dcd33j-mysql-8.0.36/bin/mysqld (mysqld 8.0.36) starting as process 3432
2026-06-12T22:15:12.347799Z 1 [System] [MY-013576] [InnoDB] InnoDB initialization has started.
2026-06-12T22:15:13.195857Z 1 [System] [MY-013577] [InnoDB] InnoDB initialization has ended.
2026-06-12T22:15:13.475156Z 0 [System] [MY-010229] [Server] Starting XA crash recovery...
2026-06-12T22:15:13.491725Z 0 [System] [MY-010232] [Server] XA crash recovery finished.
2026-06-12T22:15:13.542125Z 0 [Warning] [MY-010068] [Server] CA certificate ca.pem is self signed.
2026-06-12T22:15:13.542184Z 0 [System] [MY-013602] [Server] Channel mysql_main configured to support TLS. Encrypted connections are now supported for this channel.
2026-06-12T22:15:13.568282Z 0 [System] [MY-010931] [Server] /nix/store/0m5amw6lqhzla9b476f0galar7dcd33j-mysql-8.0.36/bin/mysqld: ready for connections. Version: '8.0.36'  socket: '/tmp/mysql.sock'  port: 3306  Source distribution.
2026-06-12T22:20:44.975607Z 0 [System] [MY-010116] [Server] /nix/store/0m5amw6lqhzla9b476f0galar7dcd33j-mysql-8.0.36/bin/mysqld (mysqld 8.0.36) starting as process 4525
2026-06-12T22:20:45.102390Z 1 [System] [MY-013576] [InnoDB] InnoDB initialization has started.
2026-06-12T22:20:45.841039Z 1 [System] [MY-013577] [InnoDB] InnoDB initialization has ended.
2026-06-12T22:20:45.979006Z 0 [System] [MY-010229] [Server] Starting XA crash recovery...
2026-06-12T22:20:45.992941Z 0 [System] [MY-010232] [Server] XA crash recovery finished.
2026-06-12T22:20:46.030196Z 0 [Warning] [MY-010068] [Server] CA certificate ca.pem is self signed.
2026-06-12T22:20:46.030246Z 0 [System] [MY-013602] [Server] Channel mysql_main configured to support TLS. Encrypted connections are now supported for this channel.
2026-06-12T22:20:46.063001Z 0 [System] [MY-010931] [Server] /nix/store/0m5amw6lqhzla9b476f0galar7dcd33j-mysql-8.0.36/bin/mysqld: ready for connections. Version: '8.0.36'  socket: '/tmp/mysql.sock'  port: 3306  Source distribution.
2026-06-13T14:45:19.293656Z 0 [System] [MY-010116] [Server] /nix/store/0m5amw6lqhzla9b476f0galar7dcd33j-mysql-8.0.36/bin/mysqld (mysqld 8.0.36) starting as process 314
2026-06-13T14:45:19.579504Z 1 [System] [MY-013576] [InnoDB] InnoDB initialization has started.
2026-06-13T14:45:21.035678Z 1 [System] [MY-013577] [InnoDB] InnoDB initialization has ended.
2026-06-13T14:45:21.358745Z 0 [System] [MY-010229] [Server] Starting XA crash recovery...
2026-06-13T14:45:21.369014Z 0 [System] [MY-010232] [Server] XA crash recovery finished.
2026-06-13T14:45:21.451521Z 0 [Warning] [MY-010068] [Server] CA certificate ca.pem is self signed.
2026-06-13T14:45:21.451708Z 0 [System] [MY-013602] [Server] Channel mysql_main configured to support TLS. Encrypted connections are now supported for this channel.
2026-06-13T14:45:21.495572Z 0 [System] [MY-010931] [Server] /nix/store/0m5amw6lqhzla9b476f0galar7dcd33j-mysql-8.0.36/bin/mysqld: ready for connections. Version: '8.0.36'  socket: '/tmp/mysql.sock'  port: 3306  Source distribution.
2026-06-13T15:08:35.547175Z 0 [System] [MY-010116] [Server] /nix/store/0m5amw6lqhzla9b476f0galar7dcd33j-mysql-8.0.36/bin/mysqld (mysqld 8.0.36) starting as process 659
2026-06-13T15:08:35.719721Z 1 [System] [MY-013576] [InnoDB] InnoDB initialization has started.
2026-06-13T15:08:36.636478Z 1 [System] [MY-013577] [InnoDB] InnoDB initialization has ended.
2026-06-13T15:08:36.929454Z 0 [System] [MY-010229] [Server] Starting XA crash recovery...
2026-06-13T15:08:36.941494Z 0 [System] [MY-010232] [Server] XA crash recovery finished.
2026-06-13T15:08:37.050277Z 0 [Warning] [MY-010068] [Server] CA certificate ca.pem is self signed.
2026-06-13T15:08:37.050348Z 0 [System] [MY-013602] [Server] Channel mysql_main configured to support TLS. Encrypted connections are now supported for this channel.
2026-06-13T15:08:37.079342Z 0 [System] [MY-010931] [Server] /nix/store/0m5amw6lqhzla9b476f0galar7dcd33j-mysql-8.0.36/bin/mysqld: ready for connections. Version: '8.0.36'  socket: '/tmp/mysql.sock'  port: 3306  Source distribution.
2026-06-13T15:27:24.281316Z 0 [System] [MY-010116] [Server] /nix/store/0m5amw6lqhzla9b476f0galar7dcd33j-mysql-8.0.36/bin/mysqld (mysqld 8.0.36) starting as process 2687
2026-06-13T15:27:24.410869Z 1 [System] [MY-013576] [InnoDB] InnoDB initialization has started.
2026-06-13T15:27:25.603275Z 1 [System] [MY-013577] [InnoDB] InnoDB initialization has ended.
2026-06-13T15:27:25.860113Z 0 [System] [MY-010229] [Server] Starting XA crash recovery...
2026-06-13T15:27:25.977582Z 0 [System] [MY-010232] [Server] XA crash recovery finished.
2026-06-13T15:27:26.018034Z 0 [Warning] [MY-010068] [Server] CA certificate ca.pem is self signed.
2026-06-13T15:27:26.018119Z 0 [System] [MY-013602] [Server] Channel mysql_main configured to support TLS. Encrypted connections are now supported for this channel.
2026-06-13T15:27:26.055525Z 0 [System] [MY-010931] [Server] /nix/store/0m5amw6lqhzla9b476f0galar7dcd33j-mysql-8.0.36/bin/mysqld: ready for connections. Version: '8.0.36'  socket: '/tmp/mysql.sock'  port: 3306  Source distribution.
2026-06-13T15:34:28.416472Z 0 [System] [MY-010116] [Server] /nix/store/0m5amw6lqhzla9b476f0galar7dcd33j-mysql-8.0.36/bin/mysqld (mysqld 8.0.36) starting as process 3949
2026-06-13T15:34:28.684684Z 1 [System] [MY-013576] [InnoDB] InnoDB initialization has started.
2026-06-13T15:34:29.794132Z 1 [System] [MY-013577] [InnoDB] InnoDB initialization has ended.
2026-06-13T15:34:30.127879Z 0 [System] [MY-010229] [Server] Starting XA crash recovery...
2026-06-13T15:34:30.136712Z 0 [System] [MY-010232] [Server] XA crash recovery finished.
2026-06-13T15:34:30.217988Z 0 [Warning] [MY-010068] [Server] CA certificate ca.pem is self signed.
2026-06-13T15:34:30.218048Z 0 [System] [MY-013602] [Server] Channel mysql_main configured to support TLS. Encrypted connections are now supported for this channel.
2026-06-13T15:34:30.308950Z 0 [System] [MY-010931] [Server] /nix/store/0m5amw6lqhzla9b476f0galar7dcd33j-mysql-8.0.36/bin/mysqld: ready for connections. Version: '8.0.36'  socket: '/tmp/mysql.sock'  port: 3306  Source distribution.
mbind: Operation not permitted
2026-06-13T18:36:19.839748Z 0 [System] [MY-010116] [Server] /nix/store/0m5amw6lqhzla9b476f0galar7dcd33j-mysql-8.0.36/bin/mysqld (mysqld 8.0.36) starting as process 234
2026-06-13T18:36:20.150798Z 1 [System] [MY-013576] [InnoDB] InnoDB initialization has started.
2026-06-13T18:36:21.539095Z 1 [System] [MY-013577] [InnoDB] InnoDB initialization has ended.
2026-06-13T18:36:21.936986Z 0 [System] [MY-010229] [Server] Starting XA crash recovery...
2026-06-13T18:36:21.948094Z 0 [System] [MY-010232] [Server] XA crash recovery finished.
2026-06-13T18:36:22.035927Z 0 [Warning] [MY-010068] [Server] CA certificate ca.pem is self signed.
2026-06-13T18:36:22.035984Z 0 [System] [MY-013602] [Server] Channel mysql_main configured to support TLS. Encrypted connections are now supported for this channel.
2026-06-13T18:36:22.101310Z 0 [System] [MY-010931] [Server] /nix/store/0m5amw6lqhzla9b476f0galar7dcd33j-mysql-8.0.36/bin/mysqld: ready for connections. Version: '8.0.36'  socket: '/tmp/mysql.sock'  port: 3306  Source distribution.
2026-06-19T08:54:29.048847Z 0 [System] [MY-010116] [Server] /nix/store/0m5amw6lqhzla9b476f0galar7dcd33j-mysql-8.0.36/bin/mysqld (mysqld 8.0.36) starting as process 349
2026-06-19T08:54:29.347564Z 1 [System] [MY-013576] [InnoDB] InnoDB initialization has started.
2026-06-19T08:54:30.572068Z 1 [System] [MY-013577] [InnoDB] InnoDB initialization has ended.
2026-06-19T08:54:31.131572Z 0 [System] [MY-010229] [Server] Starting XA crash recovery...
2026-06-19T08:54:31.146622Z 0 [System] [MY-010232] [Server] XA crash recovery finished.
2026-06-19T08:54:31.266791Z 0 [Warning] [MY-010068] [Server] CA certificate ca.pem is self signed.
2026-06-19T08:54:31.266860Z 0 [System] [MY-013602] [Server] Channel mysql_main configured to support TLS. Encrypted connections are now supported for this channel.
2026-06-19T08:54:31.336158Z 0 [System] [MY-010931] [Server] /nix/store/0m5amw6lqhzla9b476f0galar7dcd33j-mysql-8.0.36/bin/mysqld: ready for connections. Version: '8.0.36'  socket: '/tmp/mysql.sock'  port: 3306  Source distribution.
2026-06-19T09:06:42.335915Z 0 [System] [MY-010116] [Server] /nix/store/0m5amw6lqhzla9b476f0galar7dcd33j-mysql-8.0.36/bin/mysqld (mysqld 8.0.36) starting as process 1574
2026-06-19T09:06:42.427769Z 0 [System] [MY-010116] [Server] /nix/store/0m5amw6lqhzla9b476f0galar7dcd33j-mysql-8.0.36/bin/mysqld (mysqld 8.0.36) starting as process 1573
2026-06-19T09:06:42.552204Z 1 [System] [MY-013576] [InnoDB] InnoDB initialization has started.
2026-06-19T09:06:42.552261Z 1 [System] [MY-013576] [InnoDB] InnoDB initialization has started.
2026-06-19T09:06:42.824643Z 1 [ERROR] [MY-012574] [InnoDB] Unable to lock ./ibdata1 error: 11
2026-06-19T09:06:43.824969Z 1 [ERROR] [MY-012574] [InnoDB] Unable to lock ./ibdata1 error: 11
2026-06-19T09:06:43.982960Z 1 [System] [MY-013577] [InnoDB] InnoDB initialization has ended.
2026-06-19T09:06:44.270831Z 0 [System] [MY-010229] [Server] Starting XA crash recovery...
2026-06-19T09:06:44.355165Z 0 [System] [MY-010232] [Server] XA crash recovery finished.
2026-06-19T09:06:44.405638Z 0 [Warning] [MY-010068] [Server] CA certificate ca.pem is self signed.
2026-06-19T09:06:44.405693Z 0 [System] [MY-013602] [Server] Channel mysql_main configured to support TLS. Encrypted connections are now supported for this channel.
2026-06-19T09:06:44.470874Z 0 [System] [MY-010931] [Server] /nix/store/0m5amw6lqhzla9b476f0galar7dcd33j-mysql-8.0.36/bin/mysqld: ready for connections. Version: '8.0.36'  socket: '/tmp/mysql.sock'  port: 3306  Source distribution.
2026-06-19T09:06:44.825421Z 1 [ERROR] [MY-012574] [InnoDB] Unable to lock ./ibdata1 error: 11
2026-06-19T09:06:45.825686Z 1 [ERROR] [MY-012574] [InnoDB] Unable to lock ./ibdata1 error: 11
2026-06-19T09:06:46.826662Z 1 [ERROR] [MY-012574] [InnoDB] Unable to lock ./ibdata1 error: 11
2026-06-19T09:06:47.826904Z 1 [ERROR] [MY-012574] [InnoDB] Unable to lock ./ibdata1 error: 11
2026-06-19T09:06:48.827211Z 1 [ERROR] [MY-012574] [InnoDB] Unable to lock ./ibdata1 error: 11
2026-06-19T09:06:49.827753Z 1 [ERROR] [MY-012574] [InnoDB] Unable to lock ./ibdata1 error: 11
2026-06-19T09:06:50.828020Z 1 [ERROR] [MY-012574] [InnoDB] Unable to lock ./ibdata1 error: 11
2026-06-19T09:06:51.828485Z 1 [ERROR] [MY-012574] [InnoDB] Unable to lock ./ibdata1 error: 11
2026-06-19T09:06:52.829068Z 1 [ERROR] [MY-012574] [InnoDB] Unable to lock ./ibdata1 error: 11
2026-06-19T09:06:53.829381Z 1 [ERROR] [MY-012574] [InnoDB] Unable to lock ./ibdata1 error: 11
2026-06-19T09:06:54.829831Z 1 [ERROR] [MY-012574] [InnoDB] Unable to lock ./ibdata1 error: 11
2026-06-19T09:06:55.830416Z 1 [ERROR] [MY-012574] [InnoDB] Unable to lock ./ibdata1 error: 11
2026-06-19T09:06:56.831023Z 1 [ERROR] [MY-012574] [InnoDB] Unable to lock ./ibdata1 error: 11
2026-06-19T09:06:57.831515Z 1 [ERROR] [MY-012574] [InnoDB] Unable to lock ./ibdata1 error: 11
2026-06-19T09:07:10.509888Z 0 [System] [MY-010116] [Server] /nix/store/0m5amw6lqhzla9b476f0galar7dcd33j-mysql-8.0.36/bin/mysqld (mysqld 8.0.36) starting as process 1696
2026-06-19T09:07:10.565405Z 1 [System] [MY-013576] [InnoDB] InnoDB initialization has started.
2026-06-19T09:07:11.123701Z 1 [System] [MY-013577] [InnoDB] InnoDB initialization has ended.
2026-06-19T09:07:11.310612Z 0 [System] [MY-010229] [Server] Starting XA crash recovery...
2026-06-19T09:07:11.441372Z 0 [System] [MY-010232] [Server] XA crash recovery finished.
2026-06-19T09:07:11.535241Z 0 [Warning] [MY-010068] [Server] CA certificate ca.pem is self signed.
2026-06-19T09:07:11.535309Z 0 [System] [MY-013602] [Server] Channel mysql_main configured to support TLS. Encrypted connections are now supported for this channel.
2026-06-19T09:07:11.562472Z 0 [System] [MY-010931] [Server] /nix/store/0m5amw6lqhzla9b476f0galar7dcd33j-mysql-8.0.36/bin/mysqld: ready for connections. Version: '8.0.36'  socket: '/tmp/mysql.sock'  port: 3306  Source distribution.
2026-06-19T09:10:28.958319Z 0 [System] [MY-010116] [Server] /nix/store/0m5amw6lqhzla9b476f0galar7dcd33j-mysql-8.0.36/bin/mysqld (mysqld 8.0.36) starting as process 2169
2026-06-19T09:10:28.999887Z 1 [System] [MY-013576] [InnoDB] InnoDB initialization has started.
2026-06-19T09:10:29.619058Z 1 [System] [MY-013577] [InnoDB] InnoDB initialization has ended.
2026-06-19T09:10:29.846958Z 0 [System] [MY-010229] [Server] Starting XA crash recovery...
2026-06-19T09:10:29.916401Z 0 [System] [MY-010232] [Server] XA crash recovery finished.
2026-06-19T09:10:29.971158Z 0 [Warning] [MY-010068] [Server] CA certificate ca.pem is self signed.
2026-06-19T09:10:29.971300Z 0 [System] [MY-013602] [Server] Channel mysql_main configured to support TLS. Encrypted connections are now supported for this channel.
2026-06-19T09:10:30.002513Z 0 [System] [MY-010931] [Server] /nix/store/0m5amw6lqhzla9b476f0galar7dcd33j-mysql-8.0.36/bin/mysqld: ready for connections. Version: '8.0.36'  socket: '/tmp/mysql.sock'  port: 3306  Source distribution.
2026-06-19T09:43:23.929848Z 0 [System] [MY-010116] [Server] /nix/store/0m5amw6lqhzla9b476f0galar7dcd33j-mysql-8.0.36/bin/mysqld (mysqld 8.0.36) starting as process 7174
2026-06-19T09:43:24.205945Z 1 [System] [MY-013576] [InnoDB] InnoDB initialization has started.
2026-06-19T09:43:26.216256Z 1 [System] [MY-013577] [InnoDB] InnoDB initialization has ended.
2026-06-19T09:43:26.475398Z 0 [System] [MY-010229] [Server] Starting XA crash recovery...
2026-06-19T09:43:26.624680Z 0 [System] [MY-010232] [Server] XA crash recovery finished.
2026-06-19T09:43:26.739439Z 0 [Warning] [MY-010068] [Server] CA certificate ca.pem is self signed.
2026-06-19T09:43:26.739515Z 0 [System] [MY-013602] [Server] Channel mysql_main configured to support TLS. Encrypted connections are now supported for this channel.
2026-06-19T09:43:26.785117Z 0 [System] [MY-010931] [Server] /nix/store/0m5amw6lqhzla9b476f0galar7dcd33j-mysql-8.0.36/bin/mysqld: ready for connections. Version: '8.0.36'  socket: '/tmp/mysql.sock'  port: 3306  Source distribution.
2026-06-19T10:04:18.556179Z 0 [System] [MY-010116] [Server] /nix/store/0m5amw6lqhzla9b476f0galar7dcd33j-mysql-8.0.36/bin/mysqld (mysqld 8.0.36) starting as process 12945
2026-06-19T10:04:18.698280Z 1 [System] [MY-013576] [InnoDB] InnoDB initialization has started.
2026-06-19T10:04:19.459047Z 1 [System] [MY-013577] [InnoDB] InnoDB initialization has ended.
2026-06-19T10:04:19.688248Z 0 [System] [MY-010229] [Server] Starting XA crash recovery...
2026-06-19T10:04:19.867761Z 0 [System] [MY-010232] [Server] XA crash recovery finished.
2026-06-19T10:04:19.932274Z 0 [Warning] [MY-010068] [Server] CA certificate ca.pem is self signed.
2026-06-19T10:04:19.932372Z 0 [System] [MY-013602] [Server] Channel mysql_main configured to support TLS. Encrypted connections are now supported for this channel.
2026-06-19T10:04:19.970451Z 0 [System] [MY-010931] [Server] /nix/store/0m5amw6lqhzla9b476f0galar7dcd33j-mysql-8.0.36/bin/mysqld: ready for connections. Version: '8.0.36'  socket: '/tmp/mysql.sock'  port: 3306  Source distribution.
mbind: Operation not permitted
2026-06-19T10:53:06.884865Z 0 [System] [MY-010116] [Server] /nix/store/0m5amw6lqhzla9b476f0galar7dcd33j-mysql-8.0.36/bin/mysqld (mysqld 8.0.36) starting as process 341
2026-06-19T10:53:07.281740Z 1 [System] [MY-013576] [InnoDB] InnoDB initialization has started.
2026-06-19T10:53:08.010285Z 1 [System] [MY-013577] [InnoDB] InnoDB initialization has ended.
2026-06-19T10:53:08.345981Z 0 [System] [MY-010229] [Server] Starting XA crash recovery...
2026-06-19T10:53:08.358870Z 0 [System] [MY-010232] [Server] XA crash recovery finished.
2026-06-19T10:53:08.461099Z 0 [Warning] [MY-010068] [Server] CA certificate ca.pem is self signed.
2026-06-19T10:53:08.461279Z 0 [System] [MY-013602] [Server] Channel mysql_main configured to support TLS. Encrypted connections are now supported for this channel.
2026-06-19T10:53:08.516746Z 0 [System] [MY-010931] [Server] /nix/store/0m5amw6lqhzla9b476f0galar7dcd33j-mysql-8.0.36/bin/mysqld: ready for connections. Version: '8.0.36'  socket: '/tmp/mysql.sock'  port: 3306  Source distribution.
2026-06-19T10:56:11.793466Z 0 [System] [MY-010116] [Server] /nix/store/0m5amw6lqhzla9b476f0galar7dcd33j-mysql-8.0.36/bin/mysqld (mysqld 8.0.36) starting as process 577
2026-06-19T10:56:11.822366Z 1 [System] [MY-013576] [InnoDB] InnoDB initialization has started.
2026-06-19T10:56:12.331579Z 1 [System] [MY-013577] [InnoDB] InnoDB initialization has ended.
2026-06-19T10:56:12.537059Z 0 [System] [MY-010229] [Server] Starting XA crash recovery...
2026-06-19T10:56:12.551252Z 0 [System] [MY-010232] [Server] XA crash recovery finished.
2026-06-19T10:56:12.609534Z 0 [Warning] [MY-010068] [Server] CA certificate ca.pem is self signed.
2026-06-19T10:56:12.609603Z 0 [System] [MY-013602] [Server] Channel mysql_main configured to support TLS. Encrypted connections are now supported for this channel.
2026-06-19T10:56:12.642942Z 0 [System] [MY-010931] [Server] /nix/store/0m5amw6lqhzla9b476f0galar7dcd33j-mysql-8.0.36/bin/mysqld: ready for connections. Version: '8.0.36'  socket: '/tmp/mysql.sock'  port: 3306  Source distribution.
2026-06-19T10:57:25.653580Z 0 [System] [MY-010116] [Server] /nix/store/0m5amw6lqhzla9b476f0galar7dcd33j-mysql-8.0.36/bin/mysqld (mysqld 8.0.36) starting as process 1038
2026-06-19T10:57:25.706714Z 1 [System] [MY-013576] [InnoDB] InnoDB initialization has started.
2026-06-19T10:57:26.309917Z 1 [System] [MY-013577] [InnoDB] InnoDB initialization has ended.
2026-06-19T10:57:26.636276Z 0 [System] [MY-010229] [Server] Starting XA crash recovery...
2026-06-19T10:57:26.694879Z 0 [System] [MY-010232] [Server] XA crash recovery finished.
2026-06-19T10:57:26.762787Z 0 [Warning] [MY-010068] [Server] CA certificate ca.pem is self signed.
2026-06-19T10:57:26.762867Z 0 [System] [MY-013602] [Server] Channel mysql_main configured to support TLS. Encrypted connections are now supported for this channel.
2026-06-19T10:57:26.797652Z 0 [System] [MY-010931] [Server] /nix/store/0m5amw6lqhzla9b476f0galar7dcd33j-mysql-8.0.36/bin/mysqld: ready for connections. Version: '8.0.36'  socket: '/tmp/mysql.sock'  port: 3306  Source distribution.
2026-06-19T10:58:05.278239Z 0 [System] [MY-010116] [Server] /nix/store/0m5amw6lqhzla9b476f0galar7dcd33j-mysql-8.0.36/bin/mysqld (mysqld 8.0.36) starting as process 1218
2026-06-19T10:58:05.328986Z 1 [System] [MY-013576] [InnoDB] InnoDB initialization has started.
2026-06-19T10:58:06.379443Z 1 [System] [MY-013577] [InnoDB] InnoDB initialization has ended.
2026-06-19T10:58:06.674267Z 0 [System] [MY-010229] [Server] Starting XA crash recovery...
2026-06-19T10:58:06.790185Z 0 [System] [MY-010232] [Server] XA crash recovery finished.
2026-06-19T10:58:06.881049Z 0 [Warning] [MY-010068] [Server] CA certificate ca.pem is self signed.
2026-06-19T10:58:06.881127Z 0 [System] [MY-013602] [Server] Channel mysql_main configured to support TLS. Encrypted connections are now supported for this channel.
2026-06-19T10:58:06.908761Z 0 [System] [MY-010931] [Server] /nix/store/0m5amw6lqhzla9b476f0galar7dcd33j-mysql-8.0.36/bin/mysqld: ready for connections. Version: '8.0.36'  socket: '/tmp/mysql.sock'  port: 3306  Source distribution.
2026-06-19T10:59:28.655431Z 0 [System] [MY-010116] [Server] /nix/store/0m5amw6lqhzla9b476f0galar7dcd33j-mysql-8.0.36/bin/mysqld (mysqld 8.0.36) starting as process 1440
2026-06-19T10:59:28.707272Z 1 [System] [MY-013576] [InnoDB] InnoDB initialization has started.
2026-06-19T10:59:29.489577Z 1 [System] [MY-013577] [InnoDB] InnoDB initialization has ended.
2026-06-19T10:59:29.664327Z 0 [System] [MY-010229] [Server] Starting XA crash recovery...
2026-06-19T10:59:29.702779Z 0 [System] [MY-010232] [Server] XA crash recovery finished.
2026-06-19T10:59:29.751922Z 0 [Warning] [MY-010068] [Server] CA certificate ca.pem is self signed.
2026-06-19T10:59:29.751995Z 0 [System] [MY-013602] [Server] Channel mysql_main configured to support TLS. Encrypted connections are now supported for this channel.
2026-06-19T10:59:29.788351Z 0 [System] [MY-010931] [Server] /nix/store/0m5amw6lqhzla9b476f0galar7dcd33j-mysql-8.0.36/bin/mysqld: ready for connections. Version: '8.0.36'  socket: '/tmp/mysql.sock'  port: 3306  Source distribution.
2026-06-19T11:02:31.024043Z 0 [System] [MY-010116] [Server] /nix/store/0m5amw6lqhzla9b476f0galar7dcd33j-mysql-8.0.36/bin/mysqld (mysqld 8.0.36) starting as process 2075
2026-06-19T11:02:31.285023Z 1 [System] [MY-013576] [InnoDB] InnoDB initialization has started.
2026-06-19T11:02:31.958679Z 1 [System] [MY-013577] [InnoDB] InnoDB initialization has ended.
2026-06-19T11:02:32.139961Z 0 [System] [MY-010229] [Server] Starting XA crash recovery...
2026-06-19T11:02:32.249153Z 0 [System] [MY-010232] [Server] XA crash recovery finished.
2026-06-19T11:02:32.302180Z 0 [Warning] [MY-010068] [Server] CA certificate ca.pem is self signed.
2026-06-19T11:02:32.302278Z 0 [System] [MY-013602] [Server] Channel mysql_main configured to support TLS. Encrypted connections are now supported for this channel.
2026-06-19T11:02:32.337521Z 0 [System] [MY-010931] [Server] /nix/store/0m5amw6lqhzla9b476f0galar7dcd33j-mysql-8.0.36/bin/mysqld: ready for connections. Version: '8.0.36'  socket: '/tmp/mysql.sock'  port: 3306  Source distribution.
2026-06-19T18:02:19.631185Z 0 [System] [MY-010116] [Server] /nix/store/0m5amw6lqhzla9b476f0galar7dcd33j-mysql-8.0.36/bin/mysqld (mysqld 8.0.36) starting as process 474
2026-06-19T18:02:19.876224Z 1 [System] [MY-013576] [InnoDB] InnoDB initialization has started.
2026-06-19T18:02:20.380126Z 1 [System] [MY-013577] [InnoDB] InnoDB initialization has ended.
2026-06-19T18:02:20.624035Z 0 [System] [MY-010229] [Server] Starting XA crash recovery...
2026-06-19T18:02:20.637612Z 0 [System] [MY-010232] [Server] XA crash recovery finished.
2026-06-19T18:02:20.711758Z 0 [Warning] [MY-010068] [Server] CA certificate ca.pem is self signed.
2026-06-19T18:02:20.711838Z 0 [System] [MY-013602] [Server] Channel mysql_main configured to support TLS. Encrypted connections are now supported for this channel.
2026-06-19T18:02:20.761602Z 0 [System] [MY-010931] [Server] /nix/store/0m5amw6lqhzla9b476f0galar7dcd33j-mysql-8.0.36/bin/mysqld: ready for connections. Version: '8.0.36'  socket: '/tmp/mysql.sock'  port: 3306  Source distribution.
mbind: Operation not permitted
mbind: Operation not permitted
mbind: Operation not permitted
mbind: Operation not permitted
mbind: Operation not permitted
mbind: Operation not permitted
mbind: Operation not permitted
2026-06-21T14:05:50.877481Z 0 [System] [MY-010116] [Server] /nix/store/0m5amw6lqhzla9b476f0galar7dcd33j-mysql-8.0.36/bin/mysqld (mysqld 8.0.36) starting as process 449
2026-06-21T14:05:51.206724Z 1 [System] [MY-013576] [InnoDB] InnoDB initialization has started.
2026-06-21T14:05:51.787827Z 1 [System] [MY-013577] [InnoDB] InnoDB initialization has ended.
2026-06-21T14:05:52.032834Z 0 [System] [MY-010229] [Server] Starting XA crash recovery...
2026-06-21T14:05:52.043559Z 0 [System] [MY-010232] [Server] XA crash recovery finished.
2026-06-21T14:05:52.113120Z 0 [Warning] [MY-010068] [Server] CA certificate ca.pem is self signed.
2026-06-21T14:05:52.113194Z 0 [System] [MY-013602] [Server] Channel mysql_main configured to support TLS. Encrypted connections are now supported for this channel.
2026-06-21T14:05:52.161155Z 0 [System] [MY-010931] [Server] /nix/store/0m5amw6lqhzla9b476f0galar7dcd33j-mysql-8.0.36/bin/mysqld: ready for connections. Version: '8.0.36'  socket: '/tmp/mysql.sock'  port: 3306  Source distribution.
mbind: Operation not permitted
2026-06-21T14:21:38.406044Z 0 [System] [MY-010116] [Server] /nix/store/0m5amw6lqhzla9b476f0galar7dcd33j-mysql-8.0.36/bin/mysqld (mysqld 8.0.36) starting as process 2218
2026-06-21T14:21:38.590729Z 1 [System] [MY-013576] [InnoDB] InnoDB initialization has started.
2026-06-21T14:21:39.684696Z 1 [System] [MY-013577] [InnoDB] InnoDB initialization has ended.
2026-06-21T14:21:39.839721Z 0 [System] [MY-010229] [Server] Starting XA crash recovery...
2026-06-21T14:21:39.849702Z 0 [System] [MY-010232] [Server] XA crash recovery finished.
2026-06-21T14:21:39.889660Z 0 [Warning] [MY-010068] [Server] CA certificate ca.pem is self signed.
2026-06-21T14:21:39.889712Z 0 [System] [MY-013602] [Server] Channel mysql_main configured to support TLS. Encrypted connections are now supported for this channel.
2026-06-21T14:21:39.925794Z 0 [System] [MY-010931] [Server] /nix/store/0m5amw6lqhzla9b476f0galar7dcd33j-mysql-8.0.36/bin/mysqld: ready for connections. Version: '8.0.36'  socket: '/tmp/mysql.sock'  port: 3306  Source distribution.
2026-07-04T15:49:00.657253Z 0 [System] [MY-010116] [Server] /nix/store/0m5amw6lqhzla9b476f0galar7dcd33j-mysql-8.0.36/bin/mysqld (mysqld 8.0.36) starting as process 295
2026-07-04T15:49:00.855716Z 1 [System] [MY-013576] [InnoDB] InnoDB initialization has started.
2026-07-04T15:49:01.460004Z 1 [System] [MY-013577] [InnoDB] InnoDB initialization has ended.
2026-07-04T15:49:01.662711Z 0 [System] [MY-010229] [Server] Starting XA crash recovery...
2026-07-04T15:49:01.671207Z 0 [System] [MY-010232] [Server] XA crash recovery finished.
2026-07-04T15:49:01.741725Z 0 [Warning] [MY-010068] [Server] CA certificate ca.pem is self signed.
2026-07-04T15:49:01.741780Z 0 [System] [MY-013602] [Server] Channel mysql_main configured to support TLS. Encrypted connections are now supported for this channel.
2026-07-04T15:49:01.778117Z 0 [System] [MY-010931] [Server] /nix/store/0m5amw6lqhzla9b476f0galar7dcd33j-mysql-8.0.36/bin/mysqld: ready for connections. Version: '8.0.36'  socket: '/tmp/mysql.sock'  port: 3306  Source distribution.
2026-07-04T16:09:27.679646Z 0 [System] [MY-010116] [Server] /nix/store/0m5amw6lqhzla9b476f0galar7dcd33j-mysql-8.0.36/bin/mysqld (mysqld 8.0.36) starting as process 2601
2026-07-04T16:09:27.828210Z 1 [System] [MY-013576] [InnoDB] InnoDB initialization has started.
2026-07-04T16:09:28.560637Z 1 [System] [MY-013577] [InnoDB] InnoDB initialization has ended.
2026-07-04T16:09:28.715233Z 0 [System] [MY-010229] [Server] Starting XA crash recovery...
2026-07-04T16:09:28.732888Z 0 [System] [MY-010232] [Server] XA crash recovery finished.
2026-07-04T16:09:28.785528Z 0 [Warning] [MY-010068] [Server] CA certificate ca.pem is self signed.
2026-07-04T16:09:28.786664Z 0 [System] [MY-013602] [Server] Channel mysql_main configured to support TLS. Encrypted connections are now supported for this channel.
2026-07-04T16:09:28.821238Z 0 [System] [MY-010931] [Server] /nix/store/0m5amw6lqhzla9b476f0galar7dcd33j-mysql-8.0.36/bin/mysqld: ready for connections. Version: '8.0.36'  socket: '/tmp/mysql.sock'  port: 3306  Source distribution.
mbind: Operation not permitted
2026-07-04T16:22:42.087835Z 0 [System] [MY-010116] [Server] /nix/store/0m5amw6lqhzla9b476f0galar7dcd33j-mysql-8.0.36/bin/mysqld (mysqld 8.0.36) starting as process 4778
2026-07-04T16:22:42.061344Z 0 [System] [MY-010116] [Server] /nix/store/0m5amw6lqhzla9b476f0galar7dcd33j-mysql-8.0.36/bin/mysqld (mysqld 8.0.36) starting as process 4779
2026-07-04T16:22:42.227406Z 1 [System] [MY-013576] [InnoDB] InnoDB initialization has started.
2026-07-04T16:22:42.233733Z 1 [System] [MY-013576] [InnoDB] InnoDB initialization has started.
2026-07-04T16:22:42.435480Z 1 [ERROR] [MY-012574] [InnoDB] Unable to lock ./ibdata1 error: 11
2026-07-04T16:22:43.175818Z 1 [System] [MY-013577] [InnoDB] InnoDB initialization has ended.
2026-07-04T16:22:43.345523Z 0 [System] [MY-010229] [Server] Starting XA crash recovery...
2026-07-04T16:22:43.354130Z 0 [System] [MY-010232] [Server] XA crash recovery finished.
2026-07-04T16:22:43.389798Z 0 [Warning] [MY-010068] [Server] CA certificate ca.pem is self signed.
2026-07-04T16:22:43.389848Z 0 [System] [MY-013602] [Server] Channel mysql_main configured to support TLS. Encrypted connections are now supported for this channel.
2026-07-04T16:22:43.411532Z 0 [System] [MY-010931] [Server] /nix/store/0m5amw6lqhzla9b476f0galar7dcd33j-mysql-8.0.36/bin/mysqld: ready for connections. Version: '8.0.36'  socket: '/tmp/mysql.sock'  port: 3306  Source distribution.
2026-07-04T16:22:43.435645Z 1 [ERROR] [MY-012574] [InnoDB] Unable to lock ./ibdata1 error: 11
2026-07-04T16:22:44.435815Z 1 [ERROR] [MY-012574] [InnoDB] Unable to lock ./ibdata1 error: 11
2026-07-04T16:22:45.436110Z 1 [ERROR] [MY-012574] [InnoDB] Unable to lock ./ibdata1 error: 11
2026-07-04T16:22:46.436568Z 1 [ERROR] [MY-012574] [InnoDB] Unable to lock ./ibdata1 error: 11
2026-07-04T16:22:47.436745Z 1 [ERROR] [MY-012574] [InnoDB] Unable to lock ./ibdata1 error: 11
2026-07-04T16:22:48.438892Z 1 [ERROR] [MY-012574] [InnoDB] Unable to lock ./ibdata1 error: 11
2026-07-04T16:22:49.439085Z 1 [ERROR] [MY-012574] [InnoDB] Unable to lock ./ibdata1 error: 11
2026-07-04T16:22:50.439269Z 1 [ERROR] [MY-012574] [InnoDB] Unable to lock ./ibdata1 error: 11
2026-07-04T16:22:51.439750Z 1 [ERROR] [MY-012574] [InnoDB] Unable to lock ./ibdata1 error: 11
2026-07-04T16:22:52.440187Z 1 [ERROR] [MY-012574] [InnoDB] Unable to lock ./ibdata1 error: 11
2026-07-04T16:22:53.440461Z 1 [ERROR] [MY-012574] [InnoDB] Unable to lock ./ibdata1 error: 11
2026-07-04T16:22:54.443587Z 1 [ERROR] [MY-012574] [InnoDB] Unable to lock ./ibdata1 error: 11
2026-07-04T16:22:55.443800Z 1 [ERROR] [MY-012574] [InnoDB] Unable to lock ./ibdata1 error: 11
2026-07-04T16:22:56.444020Z 1 [ERROR] [MY-012574] [InnoDB] Unable to lock ./ibdata1 error: 11
2026-07-04T16:22:57.444237Z 1 [ERROR] [MY-012574] [InnoDB] Unable to lock ./ibdata1 error: 11
2026-07-04T16:22:58.444463Z 1 [ERROR] [MY-012574] [InnoDB] Unable to lock ./ibdata1 error: 11
2026-07-04T16:22:59.444757Z 1 [ERROR] [MY-012574] [InnoDB] Unable to lock ./ibdata1 error: 11
2026-07-04T16:23:00.444996Z 1 [ERROR] [MY-012574] [InnoDB] Unable to lock ./ibdata1 error: 11
2026-07-04T16:23:11.032886Z 0 [System] [MY-010116] [Server] /nix/store/0m5amw6lqhzla9b476f0galar7dcd33j-mysql-8.0.36/bin/mysqld (mysqld 8.0.36) starting as process 5074
2026-07-04T16:23:11.056474Z 1 [System] [MY-013576] [InnoDB] InnoDB initialization has started.
2026-07-04T16:23:11.732946Z 1 [System] [MY-013577] [InnoDB] InnoDB initialization has ended.
2026-07-04T16:23:11.890331Z 0 [System] [MY-010229] [Server] Starting XA crash recovery...
2026-07-04T16:23:11.913781Z 0 [System] [MY-010232] [Server] XA crash recovery finished.
2026-07-04T16:23:11.955176Z 0 [Warning] [MY-010068] [Server] CA certificate ca.pem is self signed.
2026-07-04T16:23:11.955277Z 0 [System] [MY-013602] [Server] Channel mysql_main configured to support TLS. Encrypted connections are now supported for this channel.
2026-07-04T16:23:11.997219Z 0 [System] [MY-010931] [Server] /nix/store/0m5amw6lqhzla9b476f0galar7dcd33j-mysql-8.0.36/bin/mysqld: ready for connections. Version: '8.0.36'  socket: '/tmp/mysql.sock'  port: 3306  Source distribution.
2026-07-04T16:52:42.694630Z 0 [System] [MY-010116] [Server] /nix/store/0m5amw6lqhzla9b476f0galar7dcd33j-mysql-8.0.36/bin/mysqld (mysqld 8.0.36) starting as process 410
2026-07-04T16:52:42.910801Z 1 [System] [MY-013576] [InnoDB] InnoDB initialization has started.
2026-07-04T16:52:43.375948Z 1 [System] [MY-013577] [InnoDB] InnoDB initialization has ended.
2026-07-04T16:52:43.616168Z 0 [System] [MY-010229] [Server] Starting XA crash recovery...
2026-07-04T16:52:43.626227Z 0 [System] [MY-010232] [Server] XA crash recovery finished.
2026-07-04T16:52:43.702199Z 0 [Warning] [MY-010068] [Server] CA certificate ca.pem is self signed.
2026-07-04T16:52:43.702247Z 0 [System] [MY-013602] [Server] Channel mysql_main configured to support TLS. Encrypted connections are now supported for this channel.
2026-07-04T16:52:43.741985Z 0 [System] [MY-010931] [Server] /nix/store/0m5amw6lqhzla9b476f0galar7dcd33j-mysql-8.0.36/bin/mysqld: ready for connections. Version: '8.0.36'  socket: '/tmp/mysql.sock'  port: 3306  Source distribution.
2026-07-04T17:04:31.458708Z 0 [System] [MY-010116] [Server] /nix/store/0m5amw6lqhzla9b476f0galar7dcd33j-mysql-8.0.36/bin/mysqld (mysqld 8.0.36) starting as process 1401
2026-07-04T17:04:31.601480Z 1 [System] [MY-013576] [InnoDB] InnoDB initialization has started.
2026-07-04T17:04:32.557710Z 1 [System] [MY-013577] [InnoDB] InnoDB initialization has ended.
2026-07-04T17:04:32.867204Z 0 [System] [MY-010229] [Server] Starting XA crash recovery...
2026-07-04T17:04:32.968646Z 0 [System] [MY-010232] [Server] XA crash recovery finished.
2026-07-04T17:04:33.032407Z 0 [Warning] [MY-010068] [Server] CA certificate ca.pem is self signed.
2026-07-04T17:04:33.032460Z 0 [System] [MY-013602] [Server] Channel mysql_main configured to support TLS. Encrypted connections are now supported for this channel.
2026-07-04T17:04:33.074926Z 0 [System] [MY-010931] [Server] /nix/store/0m5amw6lqhzla9b476f0galar7dcd33j-mysql-8.0.36/bin/mysqld: ready for connections. Version: '8.0.36'  socket: '/tmp/mysql.sock'  port: 3306  Source distribution.
2026-07-04T17:11:48.247631Z 0 [System] [MY-010116] [Server] /nix/store/0m5amw6lqhzla9b476f0galar7dcd33j-mysql-8.0.36/bin/mysqld (mysqld 8.0.36) starting as process 2700
2026-07-04T17:11:48.336222Z 1 [System] [MY-013576] [InnoDB] InnoDB initialization has started.
2026-07-04T17:11:49.207945Z 1 [System] [MY-013577] [InnoDB] InnoDB initialization has ended.
2026-07-04T17:11:49.577003Z 0 [System] [MY-010229] [Server] Starting XA crash recovery...
2026-07-04T17:11:49.676897Z 0 [System] [MY-010232] [Server] XA crash recovery finished.
2026-07-04T17:11:49.727122Z 0 [Warning] [MY-010068] [Server] CA certificate ca.pem is self signed.
2026-07-04T17:11:49.727175Z 0 [System] [MY-013602] [Server] Channel mysql_main configured to support TLS. Encrypted connections are now supported for this channel.
2026-07-04T17:11:49.757721Z 0 [System] [MY-010931] [Server] /nix/store/0m5amw6lqhzla9b476f0galar7dcd33j-mysql-8.0.36/bin/mysqld: ready for connections. Version: '8.0.36'  socket: '/tmp/mysql.sock'  port: 3306  Source distribution.
2026-07-04T17:17:04.575528Z 0 [System] [MY-010116] [Server] /nix/store/0m5amw6lqhzla9b476f0galar7dcd33j-mysql-8.0.36/bin/mysqld (mysqld 8.0.36) starting as process 3858
2026-07-04T17:17:04.594275Z 1 [System] [MY-013576] [InnoDB] InnoDB initialization has started.
2026-07-04T17:17:05.281275Z 1 [System] [MY-013577] [InnoDB] InnoDB initialization has ended.
2026-07-04T17:17:05.409867Z 0 [System] [MY-010229] [Server] Starting XA crash recovery...
2026-07-04T17:17:05.429862Z 0 [System] [MY-010232] [Server] XA crash recovery finished.
2026-07-04T17:17:05.490047Z 0 [Warning] [MY-010068] [Server] CA certificate ca.pem is self signed.
2026-07-04T17:17:05.490161Z 0 [System] [MY-013602] [Server] Channel mysql_main configured to support TLS. Encrypted connections are now supported for this channel.
2026-07-04T17:17:05.535571Z 0 [System] [MY-010931] [Server] /nix/store/0m5amw6lqhzla9b476f0galar7dcd33j-mysql-8.0.36/bin/mysqld: ready for connections. Version: '8.0.36'  socket: '/tmp/mysql.sock'  port: 3306  Source distribution.
2026-07-04T17:23:26.173778Z 0 [System] [MY-010116] [Server] /nix/store/0m5amw6lqhzla9b476f0galar7dcd33j-mysql-8.0.36/bin/mysqld (mysqld 8.0.36) starting as process 5189
2026-07-04T17:23:26.352272Z 1 [System] [MY-013576] [InnoDB] InnoDB initialization has started.
2026-07-04T17:23:27.188972Z 1 [System] [MY-013577] [InnoDB] InnoDB initialization has ended.
2026-07-04T17:23:27.416711Z 0 [System] [MY-010229] [Server] Starting XA crash recovery...
2026-07-04T17:23:27.532999Z 0 [System] [MY-010232] [Server] XA crash recovery finished.
2026-07-04T17:23:27.579467Z 0 [Warning] [MY-010068] [Server] CA certificate ca.pem is self signed.
2026-07-04T17:23:27.579534Z 0 [System] [MY-013602] [Server] Channel mysql_main configured to support TLS. Encrypted connections are now supported for this channel.
2026-07-04T17:23:27.614401Z 0 [System] [MY-010931] [Server] /nix/store/0m5amw6lqhzla9b476f0galar7dcd33j-mysql-8.0.36/bin/mysqld: ready for connections. Version: '8.0.36'  socket: '/tmp/mysql.sock'  port: 3306  Source distribution.
2026-07-04T17:34:05.038313Z 0 [System] [MY-010116] [Server] /nix/store/0m5amw6lqhzla9b476f0galar7dcd33j-mysql-8.0.36/bin/mysqld (mysqld 8.0.36) starting as process 7747
2026-07-04T17:34:05.137225Z 1 [System] [MY-013576] [InnoDB] InnoDB initialization has started.
2026-07-04T17:34:05.810207Z 1 [System] [MY-013577] [InnoDB] InnoDB initialization has ended.
2026-07-04T17:34:05.988987Z 0 [System] [MY-010229] [Server] Starting XA crash recovery...
2026-07-04T17:34:06.037163Z 0 [System] [MY-010232] [Server] XA crash recovery finished.
2026-07-04T17:34:06.078213Z 0 [Warning] [MY-010068] [Server] CA certificate ca.pem is self signed.
2026-07-04T17:34:06.078267Z 0 [System] [MY-013602] [Server] Channel mysql_main configured to support TLS. Encrypted connections are now supported for this channel.
2026-07-04T17:34:06.119330Z 0 [System] [MY-010931] [Server] /nix/store/0m5amw6lqhzla9b476f0galar7dcd33j-mysql-8.0.36/bin/mysqld: ready for connections. Version: '8.0.36'  socket: '/tmp/mysql.sock'  port: 3306  Source distribution.
2026-07-04T17:44:54.477664Z 0 [System] [MY-010116] [Server] /nix/store/0m5amw6lqhzla9b476f0galar7dcd33j-mysql-8.0.36/bin/mysqld (mysqld 8.0.36) starting as process 10866
2026-07-04T17:44:54.570241Z 1 [System] [MY-013576] [InnoDB] InnoDB initialization has started.
2026-07-04T17:44:55.537365Z 1 [System] [MY-013577] [InnoDB] InnoDB initialization has ended.
2026-07-04T17:44:55.696178Z 0 [System] [MY-010229] [Server] Starting XA crash recovery...
2026-07-04T17:44:55.738946Z 0 [System] [MY-010232] [Server] XA crash recovery finished.
2026-07-04T17:44:55.781025Z 0 [Warning] [MY-010068] [Server] CA certificate ca.pem is self signed.
2026-07-04T17:44:55.781104Z 0 [System] [MY-013602] [Server] Channel mysql_main configured to support TLS. Encrypted connections are now supported for this channel.
2026-07-04T17:44:55.828665Z 0 [System] [MY-010931] [Server] /nix/store/0m5amw6lqhzla9b476f0galar7dcd33j-mysql-8.0.36/bin/mysqld: ready for connections. Version: '8.0.36'  socket: '/tmp/mysql.sock'  port: 3306  Source distribution.
2026-07-05T08:11:03.736041Z 0 [System] [MY-010116] [Server] /nix/store/0m5amw6lqhzla9b476f0galar7dcd33j-mysql-8.0.36/bin/mysqld (mysqld 8.0.36) starting as process 77
2026-07-05T08:11:03.980741Z 1 [System] [MY-013576] [InnoDB] InnoDB initialization has started.
2026-07-05T08:11:05.105097Z 1 [System] [MY-013577] [InnoDB] InnoDB initialization has ended.
2026-07-05T08:11:05.356336Z 0 [System] [MY-010229] [Server] Starting XA crash recovery...
2026-07-05T08:11:05.364835Z 0 [System] [MY-010232] [Server] XA crash recovery finished.
2026-07-05T08:11:05.453507Z 0 [Warning] [MY-010068] [Server] CA certificate ca.pem is self signed.
2026-07-05T08:11:05.453546Z 0 [System] [MY-013602] [Server] Channel mysql_main configured to support TLS. Encrypted connections are now supported for this channel.
2026-07-05T08:11:05.501491Z 0 [System] [MY-010931] [Server] /nix/store/0m5amw6lqhzla9b476f0galar7dcd33j-mysql-8.0.36/bin/mysqld: ready for connections. Version: '8.0.36'  socket: '/tmp/mysql.sock'  port: 3306  Source distribution.
2026-07-05T08:41:55.927421Z 0 [System] [MY-010116] [Server] /nix/store/0m5amw6lqhzla9b476f0galar7dcd33j-mysql-8.0.36/bin/mysqld (mysqld 8.0.36) starting as process 1577
2026-07-05T08:41:56.054613Z 1 [System] [MY-013576] [InnoDB] InnoDB initialization has started.
2026-07-05T08:41:56.725579Z 1 [System] [MY-013577] [InnoDB] InnoDB initialization has ended.
2026-07-05T08:41:56.868425Z 0 [System] [MY-010229] [Server] Starting XA crash recovery...
2026-07-05T08:41:56.877735Z 0 [System] [MY-010232] [Server] XA crash recovery finished.
2026-07-05T08:41:56.925771Z 0 [Warning] [MY-010068] [Server] CA certificate ca.pem is self signed.
2026-07-05T08:41:56.925874Z 0 [System] [MY-013602] [Server] Channel mysql_main configured to support TLS. Encrypted connections are now supported for this channel.
2026-07-05T08:41:56.959322Z 0 [System] [MY-010931] [Server] /nix/store/0m5amw6lqhzla9b476f0galar7dcd33j-mysql-8.0.36/bin/mysqld: ready for connections. Version: '8.0.36'  socket: '/tmp/mysql.sock'  port: 3306  Source distribution.
